// Jest Snapshot v1, https://goo.gl/fbAQLP

exports[`Storyshots Components/CommitRow Default 1`] = `
<li
  className="commit-list-item"
  style={
    Object {
      "height": 200,
    }
  }
>
  <div
    className="table-list-cell"
    style={
      Object {
        "width": "800px",
      }
    }
  >
    <div
      className="commit-title"
    >
      <a
        className="message-link"
        data-pjax="true"
        href=""
        rel="noopener noreferrer"
        target="_blank"
      >
        Add storybook
      </a>
      <p>
        Here is commit message.
      </p>
    </div>
    <div
      className="author-area"
    >
      <a
        href="https://github.com/9sako6"
        rel="noopener noreferrer"
        target="_blank"
      >
        <img
          alt="author-avatar"
          className="author-avatar"
          src="https://avatars.githubusercontent.com/u/31821663?s=60&u=26a52e5a5b38c91c415a9263d7e81c209bc04377&v=4"
        />
      </a>
      <a
        className="author-link"
        data-pjax="true"
        href="https://github.com/9sako6/commit-stalker/commits?author=9sako6"
        rel="noopener noreferrer"
        target="_blank"
      >
        9sako6
      </a>
      <span
        className="date"
      >
        committed on 
        2021/7/19
        Â 
        9:00:00
      </span>
    </div>
  </div>
  <div
    className="table-list-cell"
  >
    <div
      className="verify-mark"
    >
      Verified
    </div>
  </div>
</li>
`;

exports[`Storyshots Components/ErrorMessage Default 1`] = `
<div
  className="MuiPaper-root MuiAlert-root MuiAlert-standardError makeStyles-root-1 MuiPaper-elevation0"
  role="alert"
>
  <div
    className="MuiAlert-icon"
  >
    <svg
      aria-hidden={true}
      className="MuiSvgIcon-root MuiSvgIcon-fontSizeInherit"
      focusable="false"
      viewBox="0 0 24 24"
    >
      <path
        d="M11 15h2v2h-2zm0-8h2v6h-2zm.99-5C6.47 2 2 6.48 2 12s4.47 10 9.99 10C17.52 22 22 17.52 22 12S17.52 2 11.99 2zM12 20c-4.42 0-8-3.58-8-8s3.58-8 8-8 8 3.58 8 8-3.58 8-8 8z"
      />
    </svg>
  </div>
  <div
    className="MuiAlert-message"
  >
    Error: 
    This is an error.
  </div>
</div>
`;

exports[`Storyshots Components/Loading Default 1`] = `
<div
  className="sk-fading-circle"
>
  <div
    className="sk-circle1 sk-circle"
  />
  <div
    className="sk-circle2 sk-circle"
  />
  <div
    className="sk-circle3 sk-circle"
  />
  <div
    className="sk-circle4 sk-circle"
  />
  <div
    className="sk-circle5 sk-circle"
  />
  <div
    className="sk-circle6 sk-circle"
  />
  <div
    className="sk-circle7 sk-circle"
  />
  <div
    className="sk-circle8 sk-circle"
  />
  <div
    className="sk-circle9 sk-circle"
  />
  <div
    className="sk-circle10 sk-circle"
  />
  <div
    className="sk-circle11 sk-circle"
  />
  <div
    className="sk-circle12 sk-circle"
  />
</div>
`;

exports[`Storyshots Components/Readme Default 1`] = `
<div
  className="MuiContainer-root makeStyles-root-2 MuiContainer-maxWidthLg"
>
  <h1
    className="readme-title"
  >
    Commit Stalker
  </h1>
  <p>
    This is a simple GitHub commits' history viewer. 100 commits are showed in a page. (35 commits in the official site.) In addition, you can search the oldest commit easily.
  </p>
  <h1
    className="readme-title"
  >
    More Details
  </h1>
  <p>
    <a
      href="https://dev.to/9sako6/i-built-the-web-app-to-search-commits-on-github-3l82"
      rel="noopener noreferrer"
      target="_blank"
    >
      I built the Web app to search commits on GitHub - Dev.to
    </a>
  </p>
</div>
`;

exports[`Storyshots Example/Button Large 1`] = `
<button
  className="storybook-button storybook-button--large storybook-button--secondary"
  style={
    Object {
      "backgroundColor": undefined,
    }
  }
  type="button"
>
  Button
</button>
`;

exports[`Storyshots Example/Button Primary 1`] = `
<button
  className="storybook-button storybook-button--medium storybook-button--primary"
  style={
    Object {
      "backgroundColor": undefined,
    }
  }
  type="button"
>
  Button
</button>
`;

exports[`Storyshots Example/Button Secondary 1`] = `
<button
  className="storybook-button storybook-button--medium storybook-button--secondary"
  style={
    Object {
      "backgroundColor": undefined,
    }
  }
  type="button"
>
  Button
</button>
`;

exports[`Storyshots Example/Button Small 1`] = `
<button
  className="storybook-button storybook-button--small storybook-button--secondary"
  style={
    Object {
      "backgroundColor": undefined,
    }
  }
  type="button"
>
  Button
</button>
`;

exports[`Storyshots Example/Header Logged In 1`] = `
<header>
  <div
    className="wrapper"
  >
    <div>
      <svg
        height="32"
        viewBox="0 0 32 32"
        width="32"
        xmlns="http://www.w3.org/2000/svg"
      >
        <g
          fill="none"
          fillRule="evenodd"
        >
          <path
            d="M10 0h12a10 10 0 0110 10v12a10 10 0 01-10 10H10A10 10 0 010 22V10A10 10 0 0110 0z"
            fill="#FFF"
          />
          <path
            d="M5.3 10.6l10.4 6v11.1l-10.4-6v-11zm11.4-6.2l9.7 5.5-9.7 5.6V4.4z"
            fill="#555AB9"
          />
          <path
            d="M27.2 10.6v11.2l-10.5 6V16.5l10.5-6zM15.7 4.4v11L6 10l9.7-5.5z"
            fill="#91BAF8"
          />
        </g>
      </svg>
      <h1>
        Acme
      </h1>
    </div>
    <div>
      <button
        className="storybook-button storybook-button--small storybook-button--secondary"
        style={
          Object {
            "backgroundColor": undefined,
          }
        }
        type="button"
      >
        Log out
      </button>
    </div>
  </div>
</header>
`;

exports[`Storyshots Example/Header Logged Out 1`] = `
<header>
  <div
    className="wrapper"
  >
    <div>
      <svg
        height="32"
        viewBox="0 0 32 32"
        width="32"
        xmlns="http://www.w3.org/2000/svg"
      >
        <g
          fill="none"
          fillRule="evenodd"
        >
          <path
            d="M10 0h12a10 10 0 0110 10v12a10 10 0 01-10 10H10A10 10 0 010 22V10A10 10 0 0110 0z"
            fill="#FFF"
          />
          <path
            d="M5.3 10.6l10.4 6v11.1l-10.4-6v-11zm11.4-6.2l9.7 5.5-9.7 5.6V4.4z"
            fill="#555AB9"
          />
          <path
            d="M27.2 10.6v11.2l-10.5 6V16.5l10.5-6zM15.7 4.4v11L6 10l9.7-5.5z"
            fill="#91BAF8"
          />
        </g>
      </svg>
      <h1>
        Acme
      </h1>
    </div>
    <div>
      <button
        className="storybook-button storybook-button--small storybook-button--secondary"
        style={
          Object {
            "backgroundColor": undefined,
          }
        }
        type="button"
      >
        Log in
      </button>
      <button
        className="storybook-button storybook-button--small storybook-button--primary"
        style={
          Object {
            "backgroundColor": undefined,
          }
        }
        type="button"
      >
        Sign up
      </button>
    </div>
  </div>
</header>
`;

exports[`Storyshots Example/Page Logged In 1`] = `
<article>
  <header>
    <div
      className="wrapper"
    >
      <div>
        <svg
          height="32"
          viewBox="0 0 32 32"
          width="32"
          xmlns="http://www.w3.org/2000/svg"
        >
          <g
            fill="none"
            fillRule="evenodd"
          >
            <path
              d="M10 0h12a10 10 0 0110 10v12a10 10 0 01-10 10H10A10 10 0 010 22V10A10 10 0 0110 0z"
              fill="#FFF"
            />
            <path
              d="M5.3 10.6l10.4 6v11.1l-10.4-6v-11zm11.4-6.2l9.7 5.5-9.7 5.6V4.4z"
              fill="#555AB9"
            />
            <path
              d="M27.2 10.6v11.2l-10.5 6V16.5l10.5-6zM15.7 4.4v11L6 10l9.7-5.5z"
              fill="#91BAF8"
            />
          </g>
        </svg>
        <h1>
          Acme
        </h1>
      </div>
      <div>
        <button
          className="storybook-button storybook-button--small storybook-button--secondary"
          style={
            Object {
              "backgroundColor": undefined,
            }
          }
          type="button"
        >
          Log out
        </button>
      </div>
    </div>
  </header>
  <section>
    <h2>
      Pages in Storybook
    </h2>
    <p>
      We recommend building UIs with a
       
      <a
        href="https://componentdriven.org"
        rel="noopener noreferrer"
        target="_blank"
      >
        <strong>
          component-driven
        </strong>
      </a>
       
      process starting with atomic components and ending with pages.
    </p>
    <p>
      Render pages with mock data. This makes it easy to build and review page states without needing to navigate to them in your app. Here are some handy patterns for managing page data in Storybook:
    </p>
    <ul>
      <li>
        Use a higher-level connected component. Storybook helps you compose such data from the "args" of child component stories
      </li>
      <li>
        Assemble data in the page component from your services. You can mock these services out using Storybook.
      </li>
    </ul>
    <p>
      Get a guided tutorial on component-driven development at
       
      <a
        href="https://storybook.js.org/tutorials/"
        rel="noopener noreferrer"
        target="_blank"
      >
        Storybook tutorials
      </a>
      . Read more in the
       
      <a
        href="https://storybook.js.org/docs"
        rel="noopener noreferrer"
        target="_blank"
      >
        docs
      </a>
      .
    </p>
    <div
      className="tip-wrapper"
    >
      <span
        className="tip"
      >
        Tip
      </span>
       Adjust the width of the canvas with the
       
      <svg
        height="10"
        viewBox="0 0 12 12"
        width="10"
        xmlns="http://www.w3.org/2000/svg"
      >
        <g
          fill="none"
          fillRule="evenodd"
        >
          <path
            d="M1.5 5.2h4.8c.3 0 .5.2.5.4v5.1c-.1.2-.3.3-.4.3H1.4a.5.5 0 01-.5-.4V5.7c0-.3.2-.5.5-.5zm0-2.1h6.9c.3 0 .5.2.5.4v7a.5.5 0 01-1 0V4H1.5a.5.5 0 010-1zm0-2.1h9c.3 0 .5.2.5.4v9.1a.5.5 0 01-1 0V2H1.5a.5.5 0 010-1zm4.3 5.2H2V10h3.8V6.2z"
            fill="#999"
            id="a"
          />
        </g>
      </svg>
      Viewports addon in the toolbar
    </div>
  </section>
</article>
`;

exports[`Storyshots Example/Page Logged Out 1`] = `
<article>
  <header>
    <div
      className="wrapper"
    >
      <div>
        <svg
          height="32"
          viewBox="0 0 32 32"
          width="32"
          xmlns="http://www.w3.org/2000/svg"
        >
          <g
            fill="none"
            fillRule="evenodd"
          >
            <path
              d="M10 0h12a10 10 0 0110 10v12a10 10 0 01-10 10H10A10 10 0 010 22V10A10 10 0 0110 0z"
              fill="#FFF"
            />
            <path
              d="M5.3 10.6l10.4 6v11.1l-10.4-6v-11zm11.4-6.2l9.7 5.5-9.7 5.6V4.4z"
              fill="#555AB9"
            />
            <path
              d="M27.2 10.6v11.2l-10.5 6V16.5l10.5-6zM15.7 4.4v11L6 10l9.7-5.5z"
              fill="#91BAF8"
            />
          </g>
        </svg>
        <h1>
          Acme
        </h1>
      </div>
      <div>
        <button
          className="storybook-button storybook-button--small storybook-button--secondary"
          style={
            Object {
              "backgroundColor": undefined,
            }
          }
          type="button"
        >
          Log in
        </button>
        <button
          className="storybook-button storybook-button--small storybook-button--primary"
          style={
            Object {
              "backgroundColor": undefined,
            }
          }
          type="button"
        >
          Sign up
        </button>
      </div>
    </div>
  </header>
  <section>
    <h2>
      Pages in Storybook
    </h2>
    <p>
      We recommend building UIs with a
       
      <a
        href="https://componentdriven.org"
        rel="noopener noreferrer"
        target="_blank"
      >
        <strong>
          component-driven
        </strong>
      </a>
       
      process starting with atomic components and ending with pages.
    </p>
    <p>
      Render pages with mock data. This makes it easy to build and review page states without needing to navigate to them in your app. Here are some handy patterns for managing page data in Storybook:
    </p>
    <ul>
      <li>
        Use a higher-level connected component. Storybook helps you compose such data from the "args" of child component stories
      </li>
      <li>
        Assemble data in the page component from your services. You can mock these services out using Storybook.
      </li>
    </ul>
    <p>
      Get a guided tutorial on component-driven development at
       
      <a
        href="https://storybook.js.org/tutorials/"
        rel="noopener noreferrer"
        target="_blank"
      >
        Storybook tutorials
      </a>
      . Read more in the
       
      <a
        href="https://storybook.js.org/docs"
        rel="noopener noreferrer"
        target="_blank"
      >
        docs
      </a>
      .
    </p>
    <div
      className="tip-wrapper"
    >
      <span
        className="tip"
      >
        Tip
      </span>
       Adjust the width of the canvas with the
       
      <svg
        height="10"
        viewBox="0 0 12 12"
        width="10"
        xmlns="http://www.w3.org/2000/svg"
      >
        <g
          fill="none"
          fillRule="evenodd"
        >
          <path
            d="M1.5 5.2h4.8c.3 0 .5.2.5.4v5.1c-.1.2-.3.3-.4.3H1.4a.5.5 0 01-.5-.4V5.7c0-.3.2-.5.5-.5zm0-2.1h6.9c.3 0 .5.2.5.4v7a.5.5 0 01-1 0V4H1.5a.5.5 0 010-1zm0-2.1h9c.3 0 .5.2.5.4v9.1a.5.5 0 01-1 0V2H1.5a.5.5 0 010-1zm4.3 5.2H2V10h3.8V6.2z"
            fill="#999"
            id="a"
          />
        </g>
      </svg>
      Viewports addon in the toolbar
    </div>
  </section>
</article>
`;
